     1 00000000                                 [FORMAT "WCOFF"]
     2 00000000                                 [INSTRSET "i486p"]
     3 00000000                                 [OPTIMIZE 1]
     4 00000000                                 [OPTION 1]
     5 00000000                                 [BITS 32]
     6 00000000                                 	EXTERN	_write_mem8
     7 00000000                                 	EXTERN	_io_hlt
     8 00000000                                 [FILE "bootpack.c"]
     9                                          [SECTION .text]
    10 00000000                                 	GLOBAL	_HariMain
    11 00000000                                 _HariMain:
    12 00000000 55                              	PUSH	EBP
    13 00000001 89 E5                           	MOV	EBP,ESP
    14 00000003 53                              	PUSH	EBX
    15 00000004 BB 000A0000                     	MOV	EBX,655360
    16 00000009                                 L6:
    17 00000009 6A 0F                           	PUSH	15
    18 0000000B 53                              	PUSH	EBX
    19 0000000C 43                              	INC	EBX
    20 0000000D E8 [00000000]                   	CALL	_write_mem8
    21 00000012 81 FB 000AFFFF                  	CMP	EBX,720895
    22 00000018 58                              	POP	EAX
    23 00000019 5A                              	POP	EDX
    24 0000001A 7E ED                           	JLE	L6
    25 0000001C                                 L7:
    26 0000001C E8 [00000000]                   	CALL	_io_hlt
    27 00000021 EB F9                           	JMP	L7
