     1 00000000                                 [FORMAT "WCOFF"]
     2 00000000                                 [INSTRSET "i486p"]
     3 00000000                                 [OPTIMIZE 1]
     4 00000000                                 [OPTION 1]
     5 00000000                                 [BITS 32]
     6 00000000                                 	EXTERN	_table.0
     7 00000000                                 	EXTERN	_apiInitMalloc
     8 00000000                                 	EXTERN	_apiMalloc
     9 00000000                                 	EXTERN	_apiOpenWindow
    10 00000000                                 	EXTERN	_apiRefreshWin
    11 00000000                                 	EXTERN	_apiGetKey
    12 00000000                                 	EXTERN	_apiEnd
    13 00000000                                 [FILE "color2.c"]
    14                                          [SECTION .data]
    15 00000000                                 	ALIGNB	4
    16 00000000                                 _table.0:
    17 00000000 00000003                        	DD	3
    18 00000004 00000001                        	DD	1
    19 00000008 00000000                        	DD	0
    20 0000000C 00000002                        	DD	2
    21                                          [SECTION .text]
    22 00000000                                 	GLOBAL	_rgb2Pal
    23 00000000                                 _rgb2Pal:
    24 00000000 55                              	PUSH	EBP
    25 00000001 89 E5                           	MOV	EBP,ESP
    26 00000003 57                              	PUSH	EDI
    27 00000004 56                              	PUSH	ESI
    28 00000005 BF 00000100                     	MOV	EDI,256
    29 0000000A 53                              	PUSH	EBX
    30 0000000B BE 00000100                     	MOV	ESI,256
    31 00000010 83 EC 14                        	SUB	ESP,20
    32 00000013 6B 4D 08 15                     	IMUL	ECX,DWORD [8+EBP],21
    33 00000017 8B 55 14                        	MOV	EDX,DWORD [20+EBP]
    34 0000001A 8B 45 18                        	MOV	EAX,DWORD [24+EBP]
    35 0000001D 83 E2 01                        	AND	EDX,1
    36 00000020 83 E0 01                        	AND	EAX,1
    37 00000023 8D 04 42                        	LEA	EAX,DWORD [EDX+EAX*2]
    38 00000026 8B 1C 85 [00000000]             	MOV	EBX,DWORD [_table.0+EAX*4]
    39 0000002D 89 C8                           	MOV	EAX,ECX
    40 0000002F 99                              	CDQ
    41 00000030 F7 FE                           	IDIV	ESI
    42 00000032 6B 75 0C 15                     	IMUL	ESI,DWORD [12+EBP],21
    43 00000036 89 C1                           	MOV	ECX,EAX
    44 00000038 89 F0                           	MOV	EAX,ESI
    45 0000003A 99                              	CDQ
    46 0000003B F7 FF                           	IDIV	EDI
    47 0000003D 6B 75 10 15                     	IMUL	ESI,DWORD [16+EBP],21
    48 00000041 89 45 E0                        	MOV	DWORD [-32+EBP],EAX
    49 00000044 01 D9                           	ADD	ECX,EBX
    50 00000046 89 F0                           	MOV	EAX,ESI
    51 00000048 99                              	CDQ
    52 00000049 F7 FF                           	IDIV	EDI
    53 0000004B 89 C6                           	MOV	ESI,EAX
    54 0000004D BF 00000004                     	MOV	EDI,4
    55 00000052 89 C8                           	MOV	EAX,ECX
    56 00000054 99                              	CDQ
    57 00000055 F7 FF                           	IDIV	EDI
    58 00000057 89 C1                           	MOV	ECX,EAX
    59 00000059 8B 45 E0                        	MOV	EAX,DWORD [-32+EBP]
    60 0000005C 01 D8                           	ADD	EAX,EBX
    61 0000005E 8D 1C 33                        	LEA	EBX,DWORD [EBX+ESI*1]
    62 00000061 99                              	CDQ
    63 00000062 F7 FF                           	IDIV	EDI
    64 00000064 89 45 E0                        	MOV	DWORD [-32+EBP],EAX
    65 00000067 89 D8                           	MOV	EAX,EBX
    66 00000069 99                              	CDQ
    67 0000006A F7 FF                           	IDIV	EDI
    68 0000006C 89 C3                           	MOV	EBX,EAX
    69 0000006E 6B 45 E0 06                     	IMUL	EAX,DWORD [-32+EBP],6
    70 00000072 6B D3 24                        	IMUL	EDX,EBX,36
    71 00000075 83 C4 14                        	ADD	ESP,20
    72 00000078 8D 04 08                        	LEA	EAX,DWORD [EAX+ECX*1]
    73 0000007B 5B                              	POP	EBX
    74 0000007C 5E                              	POP	ESI
    75 0000007D 8D 44 02 10                     	LEA	EAX,DWORD [16+EDX+EAX*1]
    76 00000081 5F                              	POP	EDI
    77 00000082 0F B6 C0                        	MOVZX	EAX,AL
    78 00000085 5D                              	POP	EBP
    79 00000086 C3                              	RET
    80                                          [SECTION .data]
    81 00000010                                 LC0:
    82 00000010 63 6F 6C 6F 72 00               	DB	"color",0x00
    83                                          [SECTION .text]
    84 00000087                                 	GLOBAL	_Main
    85 00000087                                 _Main:
    86 00000087 55                              	PUSH	EBP
    87 00000088 89 E5                           	MOV	EBP,ESP
    88 0000008A 57                              	PUSH	EDI
    89 0000008B 56                              	PUSH	ESI
    90 0000008C 31 FF                           	XOR	EDI,EDI
    91 0000008E 53                              	PUSH	EBX
    92 0000008F 83 EC 0C                        	SUB	ESP,12
    93 00000092 E8 [00000000]                   	CALL	_apiInitMalloc
    94 00000097 68 00005C40                     	PUSH	23616
    95 0000009C E8 [00000000]                   	CALL	_apiMalloc
    96 000000A1 89 45 F0                        	MOV	DWORD [-16+EBP],EAX
    97 000000A4 68 [00000010]                   	PUSH	LC0
    98 000000A9 6A FF                           	PUSH	-1
    99 000000AB 68 000000A4                     	PUSH	164
   100 000000B0 68 00000090                     	PUSH	144
   101 000000B5 50                              	PUSH	EAX
   102 000000B6 E8 [00000000]                   	CALL	_apiOpenWindow
   103 000000BB 83 C4 18                        	ADD	ESP,24
   104 000000BE C7 45 E8 00000000               	MOV	DWORD [-24+EBP],0
   105 000000C5 89 45 EC                        	MOV	DWORD [-20+EBP],EAX
   106 000000C8                                 L12:
   107 000000C8 8B 45 E8                        	MOV	EAX,DWORD [-24+EBP]
   108 000000CB 8B 55 F0                        	MOV	EDX,DWORD [-16+EBP]
   109 000000CE 31 F6                           	XOR	ESI,ESI
   110 000000D0 8D 9C 02 00000FC8               	LEA	EBX,DWORD [4040+EDX+EAX*1]
   111 000000D7                                 L11:
   112 000000D7 57                              	PUSH	EDI
   113 000000D8 8D 04 3F                        	LEA	EAX,DWORD [EDI+EDI*1]
   114 000000DB 56                              	PUSH	ESI
   115 000000DC 6A 00                           	PUSH	0
   116 000000DE 50                              	PUSH	EAX
   117 000000DF 8D 04 36                        	LEA	EAX,DWORD [ESI+ESI*1]
   118 000000E2 50                              	PUSH	EAX
   119 000000E3 46                              	INC	ESI
   120 000000E4 E8 FFFFFF17                     	CALL	_rgb2Pal
   121 000000E9 83 C4 14                        	ADD	ESP,20
   122 000000EC 88 03                           	MOV	BYTE [EBX],AL
   123 000000EE 43                              	INC	EBX
   124 000000EF 83 FE 7F                        	CMP	ESI,127
   125 000000F2 7E E3                           	JLE	L11
   126 000000F4 47                              	INC	EDI
   127 000000F5 81 45 E8 00000090               	ADD	DWORD [-24+EBP],144
   128 000000FC 83 FF 7F                        	CMP	EDI,127
   129 000000FF 7E C7                           	JLE	L12
   130 00000101 68 0000009C                     	PUSH	156
   131 00000106 68 00000088                     	PUSH	136
   132 0000010B 6A 1C                           	PUSH	28
   133 0000010D 6A 08                           	PUSH	8
   134 0000010F FF 75 EC                        	PUSH	DWORD [-20+EBP]
   135 00000112 E8 [00000000]                   	CALL	_apiRefreshWin
   136 00000117 6A 01                           	PUSH	1
   137 00000119 E8 [00000000]                   	CALL	_apiGetKey
   138 0000011E 83 C4 18                        	ADD	ESP,24
   139 00000121 8D 65 F4                        	LEA	ESP,DWORD [-12+EBP]
   140 00000124 5B                              	POP	EBX
   141 00000125 5E                              	POP	ESI
   142 00000126 5F                              	POP	EDI
   143 00000127 5D                              	POP	EBP
   144 00000128 E9 [00000000]                   	JMP	_apiEnd
