     1 00000000                                 ; dickos-os
     2 00000000                                 ; TAB=4
     3 00000000                                 
     4 00000000                                 ; BOOT_INFO
     5  = 00000FF0                              CYLS 	EQU		0x0ff0			; 启动区设置
     6  = 00000FF1                              LEDS	EQU		0x0ff1			; （不确定）键盘指示灯LED状态数
     7  = 00000FF2                              VMODE	EQU		0x0ff2			; 颜色数目信息 颜色的位数
     8  = 00000FF3                              SCRNX	EQU		0x0ff3			; 分辨率X（screen X）像素数
     9  = 00000FF4                              SCRNY 	EQU 	0x0ff4			; 分辨率Y（screen Y）像素数
    10  = 00000FF5                              VRAM	EQU 	0x0ff5			; 图像缓冲区开始地址
    11 00000000                                 		
    12                                          		ORG		0x200			; 程序被装载的内存位置
    13 00000200 B0 13                           		MOV		AL,0x13
    14 00000202 B4 00                           		MOV		AH,0x00
    15 00000204 CD 10                           		INT		0x10			; 调用bios16号函数（调用显卡）
    16 00000206 C6 06 0FF2 08                   		MOV 	BYTE [VMODE],8	; 记录画面模式
    17 0000020B C7 06 0FF3 0140                 		MOV 	WORD [SCRNX],320
    18 00000211 C7 06 0FF4 00C8                 		MOV		WORD [SCRNY],200
    19 00000217 66 C7 06 0FF5 000A0000          		MOV  	DWORD [VRAM],0x000a0000
    20 00000220                                 		
    21 00000220                                 ;BIOS获得键盘LED指示灯状态
    22 00000220                                 
    23 00000220 B4 02                           		MOV 	AH,0x02
    24 00000222 CD 16                           		INT		0x16			; 调用bios22号函数 （调用键盘）
    25 00000224 A2 0FF1                         		MOV 	[LEDS],AL
    26 00000227                                 		
    27 00000227                                 fin:
    28 00000227 F4                              		HLT
    29 00000228 EB FD                           		JMP		fin