     1 00000000                                 ; halt
     2 00000000                                 ; TAB=4
     3 00000000                                 
     4 00000000                                 [FORMAT "WCOFF"]				; 制作目标文件的模式
     5 00000000                                 [INSTRSET "i486p"]				
     6 00000000                                 [BITS 32]						; 制作32位模式
     7 00000000                                 
     8 00000000                                 ; 制作目标文件的信息
     9 00000000                                 
    10 00000000                                 [FILE "halt.nas"]				; 源文件名
    11 00000000                                 		GLOBAL _io_hlt			; 程序中包含的函数名
    12 00000000                                 
    13 00000000                                 ; 实际的函数
    14 00000000                                 
    15                                          [SECTION .text]					; 目标文件中写了这些后再写程序
    16 00000000                                 
    17 00000000                                 _io_hlt:						; void io_hlt(void)
    18 00000000 F4                              		HLT
    19 00000001 C3                              		RET
    20 00000002                                 		
    21 00000002                                 ; 用汇编语言编写函数io_hlt
