     1 00000000                                 [INSTRSET "i486p"]
     2 00000000                                 [BITS 32]
     3 00000000 B9 0000001F                     		MOV		ECX,msg
     4 00000005 BA 00000001                     		MOV		EDX,1		; 功能号1
     5 0000000A                                 putloop:
     6 0000000A 2E 8A 01                        		MOV		AL,[CS:ECX]
     7 0000000D 3C 00                           		CMP		AL,0
     8 0000000F 74 07                           		JE		fin
     9 00000011 CD 40                           		INT		0x40		; INT中断方式调用函数asm_consolePutchar
    10 00000013 83 C1 01                        		ADD		ECX,1
    11 00000016 EB F2                           		JMP		putloop
    12 00000018                                 
    13 00000018                                 fin:
    14 00000018 BA 00000004                     		MOV		EDX,4
    15 0000001D CD 40                           		INT		0x40
    16 0000001F                                 		
    17 0000001F                                 msg:
    18 0000001F 68 65 6C 6C 6F 00               		DB "hello",0
