     1 00000000                                 [FORMAT "WCOFF"]
     2 00000000                                 [INSTRSET "i486p"]
     3 00000000                                 [OPTIMIZE 1]
     4 00000000                                 [OPTION 1]
     5 00000000                                 [BITS 32]
     6 00000000                                 	EXTERN	_apiInitMalloc
     7 00000000                                 	EXTERN	_apiMalloc
     8 00000000                                 	EXTERN	_apiOpenWindow
     9 00000000                                 	EXTERN	_apiBoxFillWin
    10 00000000                                 	EXTERN	_apiPoint
    11 00000000                                 	EXTERN	_apiGetKey
    12 00000000                                 	EXTERN	_apiCloseWin
    13 00000000                                 	EXTERN	_apiEnd
    14 00000000                                 [FILE "star1.c"]
    15                                          [SECTION .data]
    16 00000000                                 LC0:
    17 00000000 73 74 61 72 31 00               	DB	"star1",0x00
    18                                          [SECTION .text]
    19 00000000                                 	GLOBAL	_Main
    20 00000000                                 _Main:
    21 00000000 55                              	PUSH	EBP
    22 00000001 89 E5                           	MOV	EBP,ESP
    23 00000003 53                              	PUSH	EBX
    24 00000004 E8 [00000000]                   	CALL	_apiInitMalloc
    25 00000009 68 00003A98                     	PUSH	15000
    26 0000000E E8 [00000000]                   	CALL	_apiMalloc
    27 00000013 68 [00000000]                   	PUSH	LC0
    28 00000018 6A FF                           	PUSH	-1
    29 0000001A 6A 64                           	PUSH	100
    30 0000001C 68 00000096                     	PUSH	150
    31 00000021 50                              	PUSH	EAX
    32 00000022 E8 [00000000]                   	CALL	_apiOpenWindow
    33 00000027 6A 00                           	PUSH	0
    34 00000029 6A 5D                           	PUSH	93
    35 0000002B 89 C3                           	MOV	EBX,EAX
    36 0000002D 68 0000008F                     	PUSH	143
    37 00000032 6A 1A                           	PUSH	26
    38 00000034 6A 06                           	PUSH	6
    39 00000036 50                              	PUSH	EAX
    40 00000037 E8 [00000000]                   	CALL	_apiBoxFillWin
    41 0000003C 83 C4 30                        	ADD	ESP,48
    42 0000003F 6A 03                           	PUSH	3
    43 00000041 6A 3B                           	PUSH	59
    44 00000043 6A 4B                           	PUSH	75
    45 00000045 53                              	PUSH	EBX
    46 00000046 E8 [00000000]                   	CALL	_apiPoint
    47 0000004B 83 C4 10                        	ADD	ESP,16
    48 0000004E                                 L2:
    49 0000004E 6A 01                           	PUSH	1
    50 00000050 E8 [00000000]                   	CALL	_apiGetKey
    51 00000055 5A                              	POP	EDX
    52 00000056 83 F8 0A                        	CMP	EAX,10
    53 00000059 75 F3                           	JNE	L2
    54 0000005B 53                              	PUSH	EBX
    55 0000005C E8 [00000000]                   	CALL	_apiCloseWin
    56 00000061 8B 5D FC                        	MOV	EBX,DWORD [-4+EBP]
    57 00000064 58                              	POP	EAX
    58 00000065 C9                              	LEAVE
    59 00000066 E9 [00000000]                   	JMP	_apiEnd
